// Jest Snapshot v1, https://goo.gl/fbAQLP

exports[`GuestScreen Tests GuestScreen | Render without issues 1`] = `
<ViewManagerAdapter_ExpoLinearGradient
  proxiedProperties={
    Object {
      "colors": Array [
        4294604613,
        4294165570,
      ],
      "endPoint": undefined,
      "locations": undefined,
      "startPoint": undefined,
    }
  }
  style={
    Object {
      "flex": 1,
    }
  }
>
  <View
    style={
      Object {
        "flex": 1,
      }
    }
  />
  <View
    style={
      Object {
        "alignItems": "center",
        "flex": 2,
      }
    }
  >
    <Image
      resizeMode="contain"
      source={1}
      style={
        Object {
          "height": 84,
          "width": 71,
        }
      }
    />
    <View
      style={
        Object {
          "flex": 1,
          "justifyContent": "center",
        }
      }
    >
      <Text
        allowFontScaling={false}
        style={
          Array [
            Object {
              "color": "#ffffff",
              "fontSize": 32,
              "fontStyle": "normal",
              "fontWeight": "bold",
              "letterSpacing": 0,
              "textAlign": "center",
            },
            Object {
              "fontFamily": "proxima-bold",
              "textDecorationLine": "none",
            },
          ]
        }
      >
        FoodStyles
      </Text>
    </View>
    <View
      style={
        Object {
          "flex": 2,
          "justifyContent": "center",
        }
      }
    >
      <Text
        allowFontScaling={false}
        style={
          Array [
            Object {
              "color": "#ffffff",
              "fontSize": 18,
              "fontStyle": "normal",
              "fontWeight": "normal",
              "letterSpacing": 0,
              "lineHeight": 22,
              "textAlign": "center",
            },
            Object {
              "fontFamily": "proxima-regular",
              "textDecorationLine": "none",
            },
          ]
        }
      >
        Sign in to be able to save your
preferences and settings.
      </Text>
    </View>
  </View>
  <View
    style={
      Object {
        "flex": 3,
        "paddingHorizontal": 70,
      }
    }
  >
    <View
      accessible={true}
      collapsable={false}
      focusable={true}
      onBlur={[Function]}
      onClick={[Function]}
      onFocus={[Function]}
      onResponderGrant={[Function]}
      onResponderMove={[Function]}
      onResponderRelease={[Function]}
      onResponderTerminate={[Function]}
      onResponderTerminationRequest={[Function]}
      onStartShouldSetResponder={[Function]}
      style={
        Object {
          "alignItems": "center",
          "backgroundColor": "#ffffff",
          "borderRadius": 100,
          "flexDirection": "row",
          "justifyContent": "center",
          "marginTop": 16,
          "padding": 12,
          "shadowColor": "rgba(111, 93, 80, 0.2)",
          "shadowOffset": Object {
            "height": 2,
            "width": 0,
          },
          "shadowOpacity": 1,
          "shadowRadius": 7,
        }
      }
    >
      <Text
        allowFontScaling={false}
        style={
          Array [
            Object {
              "color": "#434343",
              "fontSize": 16,
              "fontStyle": "normal",
              "fontWeight": "600",
              "letterSpacing": 0,
              "lineHeight": 18,
              "textAlign": "center",
            },
            Object {
              "fontFamily": "proxima-semibold",
              "textDecorationLine": "none",
            },
          ]
        }
      >
        Sign in with Apple
      </Text>
    </View>
    <View
      accessible={true}
      collapsable={false}
      focusable={true}
      onBlur={[Function]}
      onClick={[Function]}
      onFocus={[Function]}
      onResponderGrant={[Function]}
      onResponderMove={[Function]}
      onResponderRelease={[Function]}
      onResponderTerminate={[Function]}
      onResponderTerminationRequest={[Function]}
      onStartShouldSetResponder={[Function]}
      style={
        Object {
          "alignItems": "center",
          "backgroundColor": "#ffffff",
          "borderRadius": 100,
          "flexDirection": "row",
          "justifyContent": "center",
          "marginTop": 16,
          "padding": 12,
          "shadowColor": "rgba(111, 93, 80, 0.2)",
          "shadowOffset": Object {
            "height": 2,
            "width": 0,
          },
          "shadowOpacity": 1,
          "shadowRadius": 7,
        }
      }
    >
      <Text
        allowFontScaling={false}
        style={
          Array [
            Object {
              "color": "#434343",
              "fontSize": 16,
              "fontStyle": "normal",
              "fontWeight": "600",
              "letterSpacing": 0,
              "lineHeight": 18,
              "textAlign": "center",
            },
            Object {
              "fontFamily": "proxima-semibold",
              "textDecorationLine": "none",
            },
          ]
        }
      >
        Sign in with Facebook
      </Text>
    </View>
    <View
      accessible={true}
      collapsable={false}
      focusable={true}
      onBlur={[Function]}
      onClick={[Function]}
      onFocus={[Function]}
      onResponderGrant={[Function]}
      onResponderMove={[Function]}
      onResponderRelease={[Function]}
      onResponderTerminate={[Function]}
      onResponderTerminationRequest={[Function]}
      onStartShouldSetResponder={[Function]}
      style={
        Object {
          "alignItems": "center",
          "backgroundColor": "#ffffff",
          "borderRadius": 100,
          "flexDirection": "row",
          "justifyContent": "center",
          "marginTop": 16,
          "padding": 12,
          "shadowColor": "rgba(111, 93, 80, 0.2)",
          "shadowOffset": Object {
            "height": 2,
            "width": 0,
          },
          "shadowOpacity": 1,
          "shadowRadius": 7,
        }
      }
    >
      <Text
        allowFontScaling={false}
        style={
          Array [
            Object {
              "color": "#434343",
              "fontSize": 16,
              "fontStyle": "normal",
              "fontWeight": "600",
              "letterSpacing": 0,
              "lineHeight": 18,
              "textAlign": "center",
            },
            Object {
              "fontFamily": "proxima-semibold",
              "textDecorationLine": "none",
            },
          ]
        }
      >
        Sign in with Google
      </Text>
    </View>
    <View
      accessible={true}
      collapsable={false}
      focusable={true}
      onBlur={[Function]}
      onClick={[Function]}
      onFocus={[Function]}
      onResponderGrant={[Function]}
      onResponderMove={[Function]}
      onResponderRelease={[Function]}
      onResponderTerminate={[Function]}
      onResponderTerminationRequest={[Function]}
      onStartShouldSetResponder={[Function]}
      style={
        Object {
          "alignItems": "center",
          "backgroundColor": "#ffffff",
          "borderRadius": 100,
          "flexDirection": "row",
          "justifyContent": "center",
          "marginTop": 16,
          "padding": 12,
          "shadowColor": "rgba(111, 93, 80, 0.2)",
          "shadowOffset": Object {
            "height": 2,
            "width": 0,
          },
          "shadowOpacity": 1,
          "shadowRadius": 7,
        }
      }
    >
      <Text
        allowFontScaling={false}
        style={
          Array [
            Object {
              "color": "#434343",
              "fontSize": 16,
              "fontStyle": "normal",
              "fontWeight": "600",
              "letterSpacing": 0,
              "lineHeight": 18,
              "textAlign": "center",
            },
            Object {
              "fontFamily": "proxima-semibold",
              "textDecorationLine": "none",
            },
          ]
        }
      >
        Sign up with Email
      </Text>
    </View>
    <View
      accessible={true}
      collapsable={false}
      focusable={true}
      onBlur={[Function]}
      onClick={[Function]}
      onFocus={[Function]}
      onResponderGrant={[Function]}
      onResponderMove={[Function]}
      onResponderRelease={[Function]}
      onResponderTerminate={[Function]}
      onResponderTerminationRequest={[Function]}
      onStartShouldSetResponder={[Function]}
      style={
        Object {
          "alignItems": "center",
          "marginTop": 20,
        }
      }
    >
      <Text
        allowFontScaling={false}
        style={
          Array [
            Object {
              "color": "#ffffff",
              "fontSize": 16,
              "fontStyle": "normal",
              "fontWeight": "600",
              "letterSpacing": 0,
            },
            Object {
              "fontFamily": "proxima-semibold",
              "textDecorationLine": "none",
            },
          ]
        }
      >
        Log in with Email
      </Text>
    </View>
  </View>
  <View
    style={
      Object {
        "flex": 1,
        "justifyContent": "center",
      }
    }
  >
    <Text
      allowFontScaling={false}
      style={
        Array [
          Object {
            "color": "#ffffff",
            "fontSize": 13,
            "fontStyle": "normal",
            "fontWeight": "600",
            "letterSpacing": 0,
            "textAlign": "center",
          },
          Object {
            "fontFamily": "proxima-semibold",
            "textDecorationLine": "none",
          },
        ]
      }
    >
      By signing in you accept the
General Terms and Privacy Policy
    </Text>
  </View>
</ViewManagerAdapter_ExpoLinearGradient>
`;
